src/components/Layout.tsx(17,5): error TS6133: 'Flag' is declared but its value is never read.
src/pages/Decisions.tsx(4,57): error TS6133: 'Mail' is declared but its value is never read.
src/pages/Decisions.tsx(4,141): error TS6133: 'Save' is declared but its value is never read.
